// Jest Snapshot v1, https://goo.gl/fbAQLP

exports[`UU5.Bricks.Dt checkGrammar=false 1`] = `
<dt
  className="uu5-bricks-dt"
  id="uuID"
/>
`;

exports[`UU5.Bricks.Dt checkGrammar=true 1`] = `
<dt
  className="uu5-bricks-dt"
  id="uuID"
/>
`;

exports[`UU5.Bricks.Dt checkHighlight=false 1`] = `
<dt
  className="uu5-bricks-dt"
  id="uuID"
/>
`;

exports[`UU5.Bricks.Dt checkHighlight=true 1`] = `
<dt
  className="uu5-bricks-dt"
  id="uuID"
/>
`;

exports[`UU5.Bricks.Dt checkSpaces=false 1`] = `
<dt
  className="uu5-bricks-dt"
  id="uuID"
/>
`;

exports[`UU5.Bricks.Dt checkSpaces=true 1`] = `
<dt
  className="uu5-bricks-dt"
  id="uuID"
/>
`;

exports[`UU5.Bricks.Dt className="my-classname" 1`] = `
<dt
  className="uu5-bricks-dt my-classname"
  id="uuID"
/>
`;

exports[`UU5.Bricks.Dt className="test-classname" 1`] = `
<dt
  className="uu5-bricks-dt test-classname"
  id="uuID"
/>
`;

exports[`UU5.Bricks.Dt content="This is Content from ContentMixin" 1`] = `
<dt
  className="uu5-bricks-dt"
  id="uuID"
>
  This is Content from ContentMixin
</dt>
`;

exports[`UU5.Bricks.Dt content=12345 1`] = `
<dt
  className="uu5-bricks-dt"
  id="uuID"
>
  12345
</dt>
`;

exports[`UU5.Bricks.Dt controlled=false 1`] = `
<dt
  className="uu5-bricks-dt"
  id="uuID"
/>
`;

exports[`UU5.Bricks.Dt controlled=true 1`] = `
<dt
  className="uu5-bricks-dt"
  id="uuID"
/>
`;

exports[`UU5.Bricks.Dt default props 1`] = `
<dt
  className="uu5-bricks-dt"
  id="uuID"
/>
`;

exports[`UU5.Bricks.Dt disabled=false 1`] = `
<dt
  className="uu5-bricks-dt"
  disabled={false}
  id="uuID"
/>
`;

exports[`UU5.Bricks.Dt disabled=false 3`] = `
<dt
  className="uu5-bricks-dt"
  disabled={false}
  id="uuID"
/>
`;

exports[`UU5.Bricks.Dt disabled=true 1`] = `
<dt
  className="uu5-bricks-dt"
  disabled={true}
  id="uuID"
/>
`;

exports[`UU5.Bricks.Dt disabled=true 3`] = `
<dt
  className="uu5-bricks-dt"
  disabled={true}
  id="uuID"
/>
`;

exports[`UU5.Bricks.Dt dynamic=false 1`] = `
<dt
  className="uu5-bricks-dt"
  id="uuID"
/>
`;

exports[`UU5.Bricks.Dt dynamic=true 1`] = `
<dt
  className="uu5-bricks-dt"
  id="uuID"
/>
`;

exports[`UU5.Bricks.Dt elementAttrs={"data":{"test":"data-test-value"}} 1`] = `
<dt
  className="uu5-bricks-dt"
  id="uuID"
/>
`;

exports[`UU5.Bricks.Dt fullTextSearchPriority=0 1`] = `
<dt
  className="uu5-bricks-dt uu-fulltextsearch-0"
  id="uuID"
/>
`;

exports[`UU5.Bricks.Dt fullTextSearchPriority=0 2`] = `
<dt
  className="uu5-bricks-dt uu-fulltextsearch-0"
  id="uuID"
/>
`;

exports[`UU5.Bricks.Dt hidden=false 1`] = `
<dt
  className="uu5-bricks-dt"
  hidden={false}
  id="uuID"
/>
`;

exports[`UU5.Bricks.Dt hidden=false 3`] = `
<dt
  className="uu5-bricks-dt"
  hidden={false}
  id="uuID"
/>
`;

exports[`UU5.Bricks.Dt hidden=true 1`] = `
<dt
  className="uu5-bricks-dt"
  hidden={true}
  id="uuID"
/>
`;

exports[`UU5.Bricks.Dt hidden=true 3`] = `
<dt
  className="uu5-bricks-dt"
  hidden={true}
  id="uuID"
/>
`;

exports[`UU5.Bricks.Dt id="myId" 1`] = `
<dt
  className="uu5-bricks-dt"
  id="myId"
/>
`;

exports[`UU5.Bricks.Dt id="test-id" 1`] = `
<dt
  className="uu5-bricks-dt"
  id="test-id"
/>
`;

exports[`UU5.Bricks.Dt ignoreHTML=false 1`] = `
<dt
  className="uu5-bricks-dt"
  id="uuID"
/>
`;

exports[`UU5.Bricks.Dt ignoreHTML=true 1`] = `
<dt
  className="uu5-bricks-dt"
  id="uuID"
/>
`;

exports[`UU5.Bricks.Dt is inner bricks.dt Bricks.Dt is root to: UU5.Bricks.Dt 1`] = `
<dl
  className="uu5-bricks-dl"
  id="uuID01"
  style={Object {}}
  title={null}
>
  <Dt
    content="Dwarf"
    id="uuID02"
    key="uuID02"
  />
  <Dd
    content="The small man with funny hat"
    id="uuID03"
    key="uuID03"
  />
  <Dt
    content="Red Dwarf"
    id="uuID04"
    key="uuID04"
  />
  <Dd
    content="Small star, or large space ship from british sitcom."
    id="uuID05"
    key="uuID05"
  />
</dl>
`;

exports[`UU5.Bricks.Dt mainAttrs=undefined 1`] = `
<dt
  className="uu5-bricks-dt"
  id="uuID"
/>
`;

exports[`UU5.Bricks.Dt name="myName" 1`] = `
<dt
  className="uu5-bricks-dt"
  id="uuID"
/>
`;

exports[`UU5.Bricks.Dt nestingLevel="box" 1`] = `
<dt
  className="uu5-bricks-dt"
  id="uuID"
/>
`;

exports[`UU5.Bricks.Dt nestingLevel="inline" 1`] = `""`;

exports[`UU5.Bricks.Dt noPrint=false 1`] = `
<dt
  className="uu5-bricks-dt"
  id="uuID"
/>
`;

exports[`UU5.Bricks.Dt noPrint=true 1`] = `
<dt
  className="uu5-bricks-dt uug-1ak6bum"
  id="uuID"
/>
`;

exports[`UU5.Bricks.Dt selected=false 1`] = `
<dt
  className="uu5-bricks-dt"
  id="uuID"
/>
`;

exports[`UU5.Bricks.Dt selected=true 1`] = `
<dt
  className="uu5-bricks-dt"
  id="uuID"
/>
`;

exports[`UU5.Bricks.Dt style="padding:8px; borderRadius: 2px" 1`] = `
<dt
  className="uu5-bricks-dt"
  id="uuID"
  style={
    Object {
      "borderRadius": "2px",
      "padding": "8px",
    }
  }
/>
`;

exports[`UU5.Bricks.Dt style={"backgroundColor":"red","color":"blue"} 1`] = `
<dt
  className="uu5-bricks-dt"
  id="uuID"
  style={
    Object {
      "backgroundColor": "red",
      "color": "blue",
    }
  }
/>
`;

exports[`UU5.Bricks.Dt style={"margin":8} 1`] = `
<dt
  className="uu5-bricks-dt"
  id="uuID"
  style={
    Object {
      "margin": 8,
    }
  }
/>
`;

exports[`UU5.Bricks.Dt textCorrector=false 1`] = `
<dt
  className="uu5-bricks-dt"
  id="uuID"
/>
`;

exports[`UU5.Bricks.Dt textCorrector=true 1`] = `
<dt
  className="uu5-bricks-dt"
  id="uuID"
/>
`;

exports[`UU5.Bricks.Dt tooltip="My Tooltip" 1`] = `
<dt
  className="uu5-bricks-dt"
  id="uuID"
/>
`;
