// Jest Snapshot v1, https://goo.gl/fbAQLP

exports[`UU5.Bricks.Stepper.Item props bgStyle="filled" 1`] = `
<ContextConsumer>
  <Component />
</ContextConsumer>
`;

exports[`UU5.Bricks.Stepper.Item props bgStyle="outline" 1`] = `
<ContextConsumer>
  <Component />
</ContextConsumer>
`;

exports[`UU5.Bricks.Stepper.Item props bgStyle="transparent" 1`] = `
<ContextConsumer>
  <Component />
</ContextConsumer>
`;

exports[`UU5.Bricks.Stepper.Item props bgStyle="underline" 1`] = `
<ContextConsumer>
  <Component />
</ContextConsumer>
`;

exports[`UU5.Bricks.Stepper.Item props borderRadius="8" 1`] = `
<ContextConsumer>
  <Component />
</ContextConsumer>
`;

exports[`UU5.Bricks.Stepper.Item props borderRadius="15" 1`] = `
<ContextConsumer>
  <Component />
</ContextConsumer>
`;

exports[`UU5.Bricks.Stepper.Item props className="my-classname" 1`] = `
<ContextConsumer>
  <Component />
</ContextConsumer>
`;

exports[`UU5.Bricks.Stepper.Item props colorSchema="brown" 1`] = `
<ContextConsumer>
  <Component />
</ContextConsumer>
`;

exports[`UU5.Bricks.Stepper.Item props colorSchema="brown-rich" 1`] = `
<ContextConsumer>
  <Component />
</ContextConsumer>
`;

exports[`UU5.Bricks.Stepper.Item props colorSchema="cyan" 1`] = `
<ContextConsumer>
  <Component />
</ContextConsumer>
`;

exports[`UU5.Bricks.Stepper.Item props colorSchema="cyan-rich" 1`] = `
<ContextConsumer>
  <Component />
</ContextConsumer>
`;

exports[`UU5.Bricks.Stepper.Item props colorSchema="default" 1`] = `
<ContextConsumer>
  <Component />
</ContextConsumer>
`;

exports[`UU5.Bricks.Stepper.Item props colorSchema="green" 1`] = `
<ContextConsumer>
  <Component />
</ContextConsumer>
`;

exports[`UU5.Bricks.Stepper.Item props colorSchema="green-rich" 1`] = `
<ContextConsumer>
  <Component />
</ContextConsumer>
`;

exports[`UU5.Bricks.Stepper.Item props colorSchema="grey" 1`] = `
<ContextConsumer>
  <Component />
</ContextConsumer>
`;

exports[`UU5.Bricks.Stepper.Item props colorSchema="grey-rich" 1`] = `
<ContextConsumer>
  <Component />
</ContextConsumer>
`;

exports[`UU5.Bricks.Stepper.Item props colorSchema="orange" 1`] = `
<ContextConsumer>
  <Component />
</ContextConsumer>
`;

exports[`UU5.Bricks.Stepper.Item props colorSchema="orange-rich" 1`] = `
<ContextConsumer>
  <Component />
</ContextConsumer>
`;

exports[`UU5.Bricks.Stepper.Item props colorSchema="pink" 1`] = `
<ContextConsumer>
  <Component />
</ContextConsumer>
`;

exports[`UU5.Bricks.Stepper.Item props colorSchema="pink-rich" 1`] = `
<ContextConsumer>
  <Component />
</ContextConsumer>
`;

exports[`UU5.Bricks.Stepper.Item props colorSchema="purple" 1`] = `
<ContextConsumer>
  <Component />
</ContextConsumer>
`;

exports[`UU5.Bricks.Stepper.Item props colorSchema="purple-rich" 1`] = `
<ContextConsumer>
  <Component />
</ContextConsumer>
`;

exports[`UU5.Bricks.Stepper.Item props colorSchema="red" 1`] = `
<ContextConsumer>
  <Component />
</ContextConsumer>
`;

exports[`UU5.Bricks.Stepper.Item props colorSchema="red-rich" 1`] = `
<ContextConsumer>
  <Component />
</ContextConsumer>
`;

exports[`UU5.Bricks.Stepper.Item props colorSchema="yellow" 1`] = `
<ContextConsumer>
  <Component />
</ContextConsumer>
`;

exports[`UU5.Bricks.Stepper.Item props colorSchema="yellow-rich" 1`] = `
<ContextConsumer>
  <Component />
</ContextConsumer>
`;

exports[`UU5.Bricks.Stepper.Item props controlled=false 1`] = `
<ContextConsumer>
  <Component />
</ContextConsumer>
`;

exports[`UU5.Bricks.Stepper.Item props controlled=true 1`] = `
<ContextConsumer>
  <Component />
</ContextConsumer>
`;

exports[`UU5.Bricks.Stepper.Item props currentStep=0 1`] = `
<ContextConsumer>
  <Component />
</ContextConsumer>
`;

exports[`UU5.Bricks.Stepper.Item props currentStep=4 1`] = `
<ContextConsumer>
  <Component />
</ContextConsumer>
`;

exports[`UU5.Bricks.Stepper.Item props default props 1`] = `
<ContextConsumer>
  <Component />
</ContextConsumer>
`;

exports[`UU5.Bricks.Stepper.Item props disabled=false 1`] = `
<ContextConsumer>
  <Component />
</ContextConsumer>
`;

exports[`UU5.Bricks.Stepper.Item props disabled=true 1`] = `
<ContextConsumer>
  <Component />
</ContextConsumer>
`;

exports[`UU5.Bricks.Stepper.Item props elevation="-1" 1`] = `
<ContextConsumer>
  <Component />
</ContextConsumer>
`;

exports[`UU5.Bricks.Stepper.Item props elevation="0" 1`] = `
<ContextConsumer>
  <Component />
</ContextConsumer>
`;

exports[`UU5.Bricks.Stepper.Item props elevation="1" 1`] = `
<ContextConsumer>
  <Component />
</ContextConsumer>
`;

exports[`UU5.Bricks.Stepper.Item props elevation="2" 1`] = `
<ContextConsumer>
  <Component />
</ContextConsumer>
`;

exports[`UU5.Bricks.Stepper.Item props elevation="3" 1`] = `
<ContextConsumer>
  <Component />
</ContextConsumer>
`;

exports[`UU5.Bricks.Stepper.Item props elevation="4" 1`] = `
<ContextConsumer>
  <Component />
</ContextConsumer>
`;

exports[`UU5.Bricks.Stepper.Item props elevation="5" 1`] = `
<ContextConsumer>
  <Component />
</ContextConsumer>
`;

exports[`UU5.Bricks.Stepper.Item props elevation=-1 1`] = `
<ContextConsumer>
  <Component />
</ContextConsumer>
`;

exports[`UU5.Bricks.Stepper.Item props elevation=0 1`] = `
<ContextConsumer>
  <Component />
</ContextConsumer>
`;

exports[`UU5.Bricks.Stepper.Item props elevation=1 1`] = `
<ContextConsumer>
  <Component />
</ContextConsumer>
`;

exports[`UU5.Bricks.Stepper.Item props elevation=2 1`] = `
<ContextConsumer>
  <Component />
</ContextConsumer>
`;

exports[`UU5.Bricks.Stepper.Item props elevation=3 1`] = `
<ContextConsumer>
  <Component />
</ContextConsumer>
`;

exports[`UU5.Bricks.Stepper.Item props elevation=4 1`] = `
<ContextConsumer>
  <Component />
</ContextConsumer>
`;

exports[`UU5.Bricks.Stepper.Item props elevation=5 1`] = `
<ContextConsumer>
  <Component />
</ContextConsumer>
`;

exports[`UU5.Bricks.Stepper.Item props fullTextSearchPriority=0 1`] = `
<ContextConsumer>
  <Component />
</ContextConsumer>
`;

exports[`UU5.Bricks.Stepper.Item props hidden=false 1`] = `
<ContextConsumer>
  <Component />
</ContextConsumer>
`;

exports[`UU5.Bricks.Stepper.Item props hidden=true 1`] = `
<ContextConsumer>
  <Component />
</ContextConsumer>
`;

exports[`UU5.Bricks.Stepper.Item props id="myId" 1`] = `
<ContextConsumer>
  <Component />
</ContextConsumer>
`;

exports[`UU5.Bricks.Stepper.Item props index=0 1`] = `
<ContextConsumer>
  <Component />
</ContextConsumer>
`;

exports[`UU5.Bricks.Stepper.Item props index=3 1`] = `
<ContextConsumer>
  <Component />
</ContextConsumer>
`;

exports[`UU5.Bricks.Stepper.Item props mainAttrs=undefined 1`] = `
<ContextConsumer>
  <Component />
</ContextConsumer>
`;

exports[`UU5.Bricks.Stepper.Item props name="myName" 1`] = `
<ContextConsumer>
  <Component />
</ContextConsumer>
`;

exports[`UU5.Bricks.Stepper.Item props selected=false 1`] = `
<ContextConsumer>
  <Component />
</ContextConsumer>
`;

exports[`UU5.Bricks.Stepper.Item props selected=true 1`] = `
<ContextConsumer>
  <Component />
</ContextConsumer>
`;

exports[`UU5.Bricks.Stepper.Item props size="l" 1`] = `
<ContextConsumer>
  <Component />
</ContextConsumer>
`;

exports[`UU5.Bricks.Stepper.Item props size="m" 1`] = `
<ContextConsumer>
  <Component />
</ContextConsumer>
`;

exports[`UU5.Bricks.Stepper.Item props size="s" 1`] = `
<ContextConsumer>
  <Component />
</ContextConsumer>
`;

exports[`UU5.Bricks.Stepper.Item props size="xl" 1`] = `
<ContextConsumer>
  <Component />
</ContextConsumer>
`;

exports[`UU5.Bricks.Stepper.Item props style="padding:8px; borderRadius: 2px" 1`] = `
<ContextConsumer>
  <Component />
</ContextConsumer>
`;

exports[`UU5.Bricks.Stepper.Item props style={"backgroundColor":"red","color":"blue"} 1`] = `
<ContextConsumer>
  <Component />
</ContextConsumer>
`;

exports[`UU5.Bricks.Stepper.Item props tooltip="My Tooltip" 1`] = `
<ContextConsumer>
  <Component />
</ContextConsumer>
`;

exports[`UU5.Bricks.Stepper.Item props topVisitedStep=0 1`] = `
<ContextConsumer>
  <Component />
</ContextConsumer>
`;

exports[`UU5.Bricks.Stepper.Item props topVisitedStep=5 1`] = `
<ContextConsumer>
  <Component />
</ContextConsumer>
`;
