// Jest Snapshot v1, https://goo.gl/fbAQLP

exports[`UU5.Bricks.Todo checkGrammar=false 1`] = `
<Todo
  checkGrammar={false}
  id="uuID"
/>
`;

exports[`UU5.Bricks.Todo checkGrammar=true 1`] = `
<Todo
  checkGrammar={true}
  id="uuID"
/>
`;

exports[`UU5.Bricks.Todo checkHighlight=false 1`] = `
<Todo
  checkHighlight={false}
  id="uuID"
/>
`;

exports[`UU5.Bricks.Todo checkHighlight=true 1`] = `
<Todo
  checkHighlight={true}
  id="uuID"
/>
`;

exports[`UU5.Bricks.Todo checkSpaces=false 1`] = `
<Todo
  checkSpaces={false}
  id="uuID"
/>
`;

exports[`UU5.Bricks.Todo checkSpaces=true 1`] = `
<Todo
  checkSpaces={true}
  id="uuID"
/>
`;

exports[`UU5.Bricks.Todo className="my-classname" 1`] = `
<Todo
  className="my-classname"
  id="uuID"
/>
`;

exports[`UU5.Bricks.Todo content="This is Content from ContentMixin" 1`] = `
<Todo
  content="This is Content from ContentMixin"
  id="uuID"
/>
`;

exports[`UU5.Bricks.Todo content=12345 1`] = `
<Todo
  content={12345}
  id="uuID"
/>
`;

exports[`UU5.Bricks.Todo controlled=false 1`] = `
<Todo
  controlled={false}
  id="uuID"
/>
`;

exports[`UU5.Bricks.Todo controlled=true 1`] = `
<Todo
  id="uuID"
/>
`;

exports[`UU5.Bricks.Todo default props 1`] = `
<Todo
  id="uuID"
/>
`;

exports[`UU5.Bricks.Todo disabled=false 1`] = `
<Todo
  id="uuID"
/>
`;

exports[`UU5.Bricks.Todo disabled=true 1`] = `
<Todo
  disabled={true}
  id="uuID"
/>
`;

exports[`UU5.Bricks.Todo docKit examples UU5.Bricks.Todo should render without crash 1`] = `
<Todo
  id="uuID"
  props={
    Object {
      "bool": true,
      "key": "value",
      "num": 3,
    }
  }
/>
`;

exports[`UU5.Bricks.Todo dynamic=false 1`] = `
<Todo
  id="uuID"
/>
`;

exports[`UU5.Bricks.Todo dynamic=true 1`] = `
<Todo
  dynamic={true}
  id="uuID"
/>
`;

exports[`UU5.Bricks.Todo footer={"type":"div","key":null,"ref":null,"props":{"children":"Footer of section"},"_owner":null,"_store":{}} 1`] = `
<Todo
  footer={
    <div>
      Footer of section
    </div>
  }
  id="uuID"
/>
`;

exports[`UU5.Bricks.Todo fullTextSearchPriority=0 1`] = `
<Todo
  fullTextSearchPriority={0}
  id="uuID"
/>
`;

exports[`UU5.Bricks.Todo header={"type":"div","key":null,"ref":null,"props":{"children":"Header of section"},"_owner":null,"_store":{}} 1`] = `
<Todo
  header={
    <div>
      Header of section
    </div>
  }
  id="uuID"
/>
`;

exports[`UU5.Bricks.Todo hidden=false 1`] = `
<Todo
  id="uuID"
/>
`;

exports[`UU5.Bricks.Todo hidden=true 1`] = `
<Todo
  hidden={true}
  id="uuID"
/>
`;

exports[`UU5.Bricks.Todo id="myId" 1`] = `
<Todo
  id="myId"
/>
`;

exports[`UU5.Bricks.Todo ignoreHTML=false 1`] = `
<Todo
  id="uuID"
  ignoreHTML={false}
/>
`;

exports[`UU5.Bricks.Todo ignoreHTML=true 1`] = `
<Todo
  id="uuID"
  ignoreHTML={true}
/>
`;

exports[`UU5.Bricks.Todo level="0" 1`] = `
<Todo
  id="uuID"
  level="0"
/>
`;

exports[`UU5.Bricks.Todo level="1" 1`] = `
<Todo
  id="uuID"
  level="1"
/>
`;

exports[`UU5.Bricks.Todo level="2" 1`] = `
<Todo
  id="uuID"
  level="2"
/>
`;

exports[`UU5.Bricks.Todo level="3" 1`] = `
<Todo
  id="uuID"
  level="3"
/>
`;

exports[`UU5.Bricks.Todo level="4" 1`] = `
<Todo
  id="uuID"
  level="4"
/>
`;

exports[`UU5.Bricks.Todo level="5" 1`] = `
<Todo
  id="uuID"
  level="5"
/>
`;

exports[`UU5.Bricks.Todo level="6" 1`] = `
<Todo
  id="uuID"
  level="6"
/>
`;

exports[`UU5.Bricks.Todo level=0 1`] = `
<Todo
  id="uuID"
  level={0}
/>
`;

exports[`UU5.Bricks.Todo level=1 1`] = `
<Todo
  id="uuID"
  level={1}
/>
`;

exports[`UU5.Bricks.Todo level=2 1`] = `
<Todo
  id="uuID"
  level={2}
/>
`;

exports[`UU5.Bricks.Todo level=3 1`] = `
<Todo
  id="uuID"
  level={3}
/>
`;

exports[`UU5.Bricks.Todo level=4 1`] = `
<Todo
  id="uuID"
  level={4}
/>
`;

exports[`UU5.Bricks.Todo level=5 1`] = `
<Todo
  id="uuID"
  level={5}
/>
`;

exports[`UU5.Bricks.Todo level=6 1`] = `
<Todo
  id="uuID"
  level={6}
/>
`;

exports[`UU5.Bricks.Todo mainAttrs=undefined 1`] = `
<Todo
  id="uuID"
/>
`;

exports[`UU5.Bricks.Todo name="myName" 1`] = `
<Todo
  id="uuID"
  name="myName"
/>
`;

exports[`UU5.Bricks.Todo nestingLevel="bigBox" 1`] = `
<Todo
  id="uuID"
  nestingLevel="bigBox"
/>
`;

exports[`UU5.Bricks.Todo nestingLevel="bigBoxCollection" 1`] = `
<Todo
  id="uuID"
  nestingLevel="bigBoxCollection"
/>
`;

exports[`UU5.Bricks.Todo nestingLevel="box" 1`] = `
<Todo
  id="uuID"
  nestingLevel="box"
/>
`;

exports[`UU5.Bricks.Todo nestingLevel="boxCollection" 1`] = `
<Todo
  id="uuID"
  nestingLevel="boxCollection"
/>
`;

exports[`UU5.Bricks.Todo nestingLevel="inline" 1`] = `
<UU5.Bricks.LinkModal
  component={
    <Todo
      className={null}
      content={null}
      controlled={true}
      disabled={false}
      dynamic={false}
      footer={null}
      header={null}
      hidden={false}
      id="uuID"
      ignoreInnerHTML={false}
      increaseLevel={false}
      level={null}
      mainAttrs={null}
      name={null}
      nestingLevel={null}
      parent={null}
      props={null}
      ref_={null}
      selected={false}
      style={null}
      tooltip={null}
      underline={false}
    />
  }
>
  Todo
</UU5.Bricks.LinkModal>
`;

exports[`UU5.Bricks.Todo nestingLevel="page" 1`] = `
<Todo
  id="uuID"
  nestingLevel="page"
/>
`;

exports[`UU5.Bricks.Todo nestingLevel="smallBox" 1`] = `
<UU5.Bricks.LinkModal
  component={
    <Todo
      className={null}
      content={null}
      controlled={true}
      disabled={false}
      dynamic={false}
      footer={null}
      header={null}
      hidden={false}
      id="uuID"
      ignoreInnerHTML={false}
      increaseLevel={false}
      level={null}
      mainAttrs={null}
      name={null}
      nestingLevel={null}
      parent={null}
      props={null}
      ref_={null}
      selected={false}
      style={null}
      tooltip={null}
      underline={false}
    />
  }
>
  Todo
</UU5.Bricks.LinkModal>
`;

exports[`UU5.Bricks.Todo nestingLevel="smallBoxCollection" 1`] = `
<UU5.Bricks.LinkModal
  component={
    <Todo
      className={null}
      content={null}
      controlled={true}
      disabled={false}
      dynamic={false}
      footer={null}
      header={null}
      hidden={false}
      id="uuID"
      ignoreInnerHTML={false}
      increaseLevel={false}
      level={null}
      mainAttrs={null}
      name={null}
      nestingLevel={null}
      parent={null}
      props={null}
      ref_={null}
      selected={false}
      style={null}
      tooltip={null}
      underline={false}
    />
  }
>
  Todo
</UU5.Bricks.LinkModal>
`;

exports[`UU5.Bricks.Todo nestingLevel="spa" 1`] = `
<Todo
  id="uuID"
  nestingLevel="spa"
/>
`;

exports[`UU5.Bricks.Todo props={"key":"value","num":3,"bool":true} 1`] = `
<Todo
  id="uuID"
  props={
    Object {
      "bool": true,
      "key": "value",
      "num": 3,
    }
  }
/>
`;

exports[`UU5.Bricks.Todo selected=false 1`] = `
<Todo
  id="uuID"
/>
`;

exports[`UU5.Bricks.Todo selected=true 1`] = `
<Todo
  id="uuID"
  selected={true}
/>
`;

exports[`UU5.Bricks.Todo style="padding:8px; borderRadius: 2px" 1`] = `
<Todo
  id="uuID"
  style="padding:8px; borderRadius: 2px"
/>
`;

exports[`UU5.Bricks.Todo style={"backgroundColor":"red","color":"blue"} 1`] = `
<Todo
  id="uuID"
  style={
    Object {
      "backgroundColor": "red",
      "color": "blue",
    }
  }
/>
`;

exports[`UU5.Bricks.Todo textCorrector=false 1`] = `
<Todo
  id="uuID"
  textCorrector={false}
/>
`;

exports[`UU5.Bricks.Todo textCorrector=true 1`] = `
<Todo
  id="uuID"
  textCorrector={true}
/>
`;

exports[`UU5.Bricks.Todo tooltip="My Tooltip" 1`] = `
<Todo
  id="uuID"
  tooltip="My Tooltip"
/>
`;

exports[`UU5.Bricks.Todo underline=false 1`] = `
<Todo
  id="uuID"
/>
`;

exports[`UU5.Bricks.Todo underline=true 1`] = `
<Todo
  id="uuID"
  underline={true}
/>
`;
