// Jest Snapshot v1, https://goo.gl/fbAQLP

exports[`UU5.Common.PropMapper custom props testing with loader 1`] = `"<div class=\\"uu5-bricks-row uu5-bricks-row-standard uu5-bricks-row-spacing uu5-bricks-row-nospacing\\">John</div>"`;

exports[`UU5.Common.PropMapper props testing className="my-classname" 1`] = `
<Container
  age={25}
  city="Los Angeles"
  country="USA"
  key=".0"
  name="John"
  state="California"
  surname="Doe"
/>
`;

exports[`UU5.Common.PropMapper props testing className="test-classname" 1`] = `
<Container
  age={25}
  city="Los Angeles"
  country="USA"
  key=".0"
  name="John"
  state="California"
  surname="Doe"
/>
`;

exports[`UU5.Common.PropMapper props testing default props 1`] = `
<Container
  age={25}
  city="Los Angeles"
  country="USA"
  key=".0"
  name="John"
  state="California"
  surname="Doe"
/>
`;

exports[`UU5.Common.PropMapper props testing disabled=false 1`] = `
<Container
  age={25}
  city="Los Angeles"
  country="USA"
  key=".0"
  name="John"
  state="California"
  surname="Doe"
/>
`;

exports[`UU5.Common.PropMapper props testing disabled=true 1`] = `
<Container
  age={25}
  city="Los Angeles"
  country="USA"
  key=".0"
  name="John"
  state="California"
  surname="Doe"
/>
`;

exports[`UU5.Common.PropMapper props testing elementAttrs={"data":{"test":"data-test-value"}} 1`] = `
<Container
  age={25}
  city="Los Angeles"
  country="USA"
  key=".0"
  name="John"
  state="California"
  surname="Doe"
/>
`;

exports[`UU5.Common.PropMapper props testing fullTextSearchPriority=0 1`] = `
<Container
  age={25}
  city="Los Angeles"
  country="USA"
  key=".0"
  name="John"
  state="California"
  surname="Doe"
/>
`;

exports[`UU5.Common.PropMapper props testing fullTextSearchPriority=0 2`] = `
<Container
  age={25}
  city="Los Angeles"
  country="USA"
  key=".0"
  name="John"
  state="California"
  surname="Doe"
/>
`;

exports[`UU5.Common.PropMapper props testing hidden=false 1`] = `
<Container
  age={25}
  city="Los Angeles"
  country="USA"
  key=".0"
  name="John"
  state="California"
  surname="Doe"
/>
`;

exports[`UU5.Common.PropMapper props testing hidden=true 1`] = `
<Container
  age={25}
  city="Los Angeles"
  country="USA"
  key=".0"
  name="John"
  state="California"
  surname="Doe"
/>
`;

exports[`UU5.Common.PropMapper props testing id="myId" 1`] = `
<Container
  age={25}
  city="Los Angeles"
  country="USA"
  key=".0"
  name="John"
  state="California"
  surname="Doe"
/>
`;

exports[`UU5.Common.PropMapper props testing id="test-id" 1`] = `
<Container
  age={25}
  city="Los Angeles"
  country="USA"
  key=".0"
  name="John"
  state="California"
  surname="Doe"
/>
`;

exports[`UU5.Common.PropMapper props testing mainAttrs=undefined 1`] = `
<Container
  age={25}
  city="Los Angeles"
  country="USA"
  key=".0"
  name="John"
  state="California"
  surname="Doe"
/>
`;

exports[`UU5.Common.PropMapper props testing mapping={"city":"header","state":"content","country":"footer"} 1`] = `
<Container
  content="California"
  footer="USA"
  header="Los Angeles"
  key=".0"
/>
`;

exports[`UU5.Common.PropMapper props testing mapping={"surname":"header","name":"content","state":"footer"} 1`] = `
<Container
  content="John"
  footer="California"
  header="Doe"
  key=".0"
/>
`;

exports[`UU5.Common.PropMapper props testing name="myName" 1`] = `
<Container
  age={25}
  city="Los Angeles"
  country="USA"
  key=".0"
  name="John"
  state="California"
  surname="Doe"
/>
`;

exports[`UU5.Common.PropMapper props testing nestingLevel="box" 1`] = `
<Container
  age={25}
  city="Los Angeles"
  country="USA"
  key=".0"
  name="John"
  state="California"
  surname="Doe"
/>
`;

exports[`UU5.Common.PropMapper props testing nestingLevel="inline" 1`] = `
<Container
  age={25}
  city="Los Angeles"
  country="USA"
  key=".0"
  name="John"
  state="California"
  surname="Doe"
/>
`;

exports[`UU5.Common.PropMapper props testing noPrint=false 1`] = `
<Container
  age={25}
  city="Los Angeles"
  country="USA"
  key=".0"
  name="John"
  state="California"
  surname="Doe"
/>
`;

exports[`UU5.Common.PropMapper props testing noPrint=true 1`] = `
<Container
  age={25}
  city="Los Angeles"
  country="USA"
  key=".0"
  name="John"
  state="California"
  surname="Doe"
/>
`;

exports[`UU5.Common.PropMapper props testing style="padding:8px; borderRadius: 2px" 1`] = `
<Container
  age={25}
  city="Los Angeles"
  country="USA"
  key=".0"
  name="John"
  state="California"
  surname="Doe"
/>
`;

exports[`UU5.Common.PropMapper props testing style={"backgroundColor":"red","color":"blue"} 1`] = `
<Container
  age={25}
  city="Los Angeles"
  country="USA"
  key=".0"
  name="John"
  state="California"
  surname="Doe"
/>
`;

exports[`UU5.Common.PropMapper props testing style={"margin":8} 1`] = `
<Container
  age={25}
  city="Los Angeles"
  country="USA"
  key=".0"
  name="John"
  state="California"
  surname="Doe"
/>
`;

exports[`UU5.Common.PropMapper props testing tooltip="My Tooltip" 1`] = `
<Container
  age={25}
  city="Los Angeles"
  country="USA"
  key=".0"
  name="John"
  state="California"
  surname="Doe"
/>
`;
